[backblue.gif]
[fade.gif]
[index.html]
[cdn.glitch.com/41547dd0-4e36-4140-93af-bc94e539fa3a/pngwing32d49.png]
[cdn.glitch.com/41547dd0-4e36-4140-93af-bc94e539fa3a/mor4121.png]
[cdn.glitch.com/41547dd0-4e36-4140-93af-bc94e539fa3a/pub42a2.png]
[code.jquery.com/jquery-3.3.1.slim.min.js]
[cdnjs.cloudflare.com/ajax/libs/popper.js/1.14.7/umd/popper.min.js]
[stackpath.bootstrapcdn.com/bootstrap/4.3.1/js/bootstrap.min.js]
[arsenixbot.glitch.me/js/now-ui-kit.min.js]
[ir.sitekodlari.com/yukaricik18.js]
[arsenixbot.glitch.me/index.html]
[arsenixbot.glitch.me/css/bootstrap.min.css]
[arsenixbot.glitch.me/css/main.css]
[arsenixbot.glitch.me/css/now-ui-kit.css]
[arsenixbot.glitch.me/assets/menuIcon.svg]
[arsenixbot.glitch.me/music.html]
[arsenixbot.glitch.me/assets/wavy-purple-by-nouridio.svg]
[arsenixbot.glitch.me/assets/wavy-dark-by-nouridio.svg]
[arsenixbot.glitch.me/assets/wavy-light-by-nouridio.svg]
[arsenixbot.glitch.me/fonts/nucleo-outline.html]
[arsenixbot.glitch.me/fonts/nucleo-outline-2.html]
[arsenixbot.glitch.me/fonts/nucleo-outline-3.html]
[arsenixbot.glitch.me/fonts/nucleo-outline-4.html]
[arsenixbot.glitch.me/index-2.html]
